[
    {
        "creator": "initminer",
        "daily_pay": {
            "amount": "16000",
            "nai": "@@000000013",
            "precision": 3
        },
        "end_date": "2019-03-11T15:22:08",
        "id": 2,
        "receiver": "treasury",
        "start_date": "2019-03-09T15:22:08",
        "subject": "493d4fc6-143f-458a-a28e-870c8352b9fa",
        "total_votes": 0,
        "url": "mypermlink"
    },
    {
        "creator": "initminer",
        "daily_pay": {
            "amount": "16000",
            "nai": "@@000000013",
            "precision": 3
        },
        "end_date": "2019-03-11T19:48:00",
        "id": 3,
        "receiver": "treasury",
        "start_date": "2019-03-09T19:48:00",
        "subject": "6c3af1d3-7642-47c6-ab89-1d7ae985d0f6",
        "total_votes": 0,
        "url": "mypermlink"
    },
    {
        "creator": "initminer",
        "daily_pay": {
            "amount": "16000",
            "nai": "@@000000013",
            "precision": 3
        },
        "end_date": "2019-03-11T19:48:55",
        "id": 4,
        "receiver": "treasury",
        "start_date": "2019-03-09T19:48:55",
        "subject": "49858f3b-c483-405f-886b-1851f9fccc80",
        "total_votes": 0,
        "url": "mypermlink"
    }
]